{"error": null, "cache_key": "1427056311614/d2e2ba1baac98096260ff28d76e34e09-shell", "result": "0", "stderr": "", "stdout": "00000000-00000fff : reserved\n00001000-0008efff : System RAM\n0008f000-0008ffff : ACPI Non-volatile Storage\n00090000-0009ffff : System RAM\n000a0000-000bffff : PCI Bus 0000:00\n000c0000-000c7fff : Video ROM\n000c8000-000cbfff : pnp 00:00\n000cc000-000cffff : pnp 00:00\n000d0000-000d3fff : pnp 00:00\n000d4000-000d7fff : pnp 00:00\n000d8000-000dbfff : pnp 00:00\n000dc000-000dffff : pnp 00:00\n000e0000-000e3fff : pnp 00:00\n000e4000-000e7fff : pnp 00:00\n000e8000-000ebfff : pnp 00:00\n000ec000-000effff : pnp 00:00\n000f0000-000fffff : System ROM\n00100000-da99efff : System RAM\n  02000000-027360f3 : Kernel code\n  027360f4-02d1e67f : Kernel data\n  02e77000-02fdffff : Kernel bss\nda99f000-dab9efff : reserved\ndab9f000-dae9efff : reserved\ndae9f000-daf9efff : ACPI Non-volatile Storage\ndaf9f000-daffefff : ACPI Tables\ndafff000-daffffff : System RAM\ndb000000-db9fffff : RAM buffer\ndba00000-df9fffff : reserved\n  dba00000-df9fffff : Graphics Stolen Memory\ndfa00000-febfffff : PCI Bus 0000:00\n  e0000000-efffffff : 0000:00:02.0\n  f0000000-f03fffff : 0000:00:02.0\n  f0400000-f0bfffff : PCI Bus 0000:0d\n  f0c00000-f0cfffff : PCI Bus 0000:0e\n    f0c00000-f0c01fff : 0000:0e:00.0\n      f0c00000-f0c01fff : xhci_hcd\n  f0d00000-f14fffff : PCI Bus 0000:0d\n    f0d00000-f0d000ff : 0000:0d:00.0\n      f0d00000-f0d000ff : mmc0\n  f1500000-f15fffff : PCI Bus 0000:03\n    f1500000-f1501fff : 0000:03:00.0\n      f1500000-f1501fff : iwlwifi\n  f1600000-f161ffff : 0000:00:19.0\n    f1600000-f161ffff : e1000e\n  f1620000-f1623fff : 0000:00:1b.0\n    f1620000-f1623fff : ICH HD audio\n  f1624000-f16240ff : 0000:00:1f.3\n  f1625000-f162500f : 0000:00:16.0\n    f1625000-f162500f : mei_me\n  f1628000-f16287ff : 0000:00:1f.2\n    f1628000-f16287ff : ahci\n  f1629000-f16293ff : 0000:00:1d.0\n    f1629000-f16293ff : ehci_hcd\n  f162a000-f162a3ff : 0000:00:1a.0\n    f162a000-f162a3ff : ehci_hcd\n  f162b000-f162bfff : 0000:00:19.0\n    f162b000-f162bfff : e1000e\n  f8000000-fbffffff : PCI MMCONFIG 0000 [bus 00-3f]\n    f80f8000-f80f8fff : reserved\nfec00000-fec003ff : IOAPIC 0\nfed00000-fed003ff : HPET 0\nfed10000-fed13fff : pnp 00:01\nfed18000-fed18fff : pnp 00:01\nfed19000-fed19fff : pnp 00:01\nfed1c000-fed1ffff : reserved\n  fed1c000-fed1ffff : pnp 00:01\n    fed1f410-fed1f414 : iTCO_wdt\nfed40000-fed4bfff : PCI Bus 0000:00\n  fed40000-fed44fff : pnp 00:01\n  fed45000-fed4bfff : pnp 00:01\nfed90000-fed90fff : dmar0\nfed91000-fed91fff : dmar1\nfee00000-fee00fff : Local APIC\n100000000-21e5fffff : System RAM\n21e600000-21fffffff : RAM buffer\n"}